// Vitest Snapshot v1

exports[`Api > indice 1`] = `
{
  "id": 1,
  "jsonrpc": "2.0",
  "result": {
    "mutation": [],
    "query": [],
  },
}
`;
