// Vitest Snapshot v1

exports[`venda > analitico 1`] = `"select 'FV' as origem, \\"CategPro\\".\\"NmCategoria\\", \\"MestreNota\\".\\"DtEmissao\\", \\"MestreNota\\".\\"NumNota\\", \\"MestreNota\\".\\"Serie\\", \\"MestreNota\\".\\"Tipo\\", \\"ItemNota\\".\\"CdProduto\\", \\"ItemNota\\".\\"Quantidade\\", \\"ItemNota\\".\\"VlTotal\\", \\"CadPro\\".\\"Descricao\\", \\"MestreNota\\".\\"CdVendedor\\", \\"CadVen\\".\\"NmVendedor\\", \\"CidadesERF\\".\\"uf\\" from \\"MestreNota\\" inner join \\"ItemNota\\" on \\"ItemNota\\".\\"CdFilial\\" = \\"MestreNota\\".\\"CdFilial\\" and \\"ItemNota\\".\\"NumNota\\" = \\"MestreNota\\".\\"NumNota\\" and \\"ItemNota\\".\\"Serie\\" = \\"MestreNota\\".\\"Serie\\" and \\"ItemNota\\".\\"Modelo\\" = \\"MestreNota\\".\\"Modelo\\" inner join \\"CadVen\\" on \\"MestreNota\\".\\"CdVendedor\\" = \\"CadVen\\".\\"CdVendedor\\" inner join \\"CadCli\\" on \\"MestreNota\\".\\"CdCliente\\" = \\"CadCli\\".\\"CdCliente\\" inner join \\"cidadesErf\\" on \\"CadCli\\".\\"Cidade\\" = \\"cidadesErf\\".\\"NmCidadeIBGE\\" inner join \\"CadPro\\" on \\"ItemNota\\".\\"CdProduto\\" = \\"CadPro\\".\\"CdProduto\\" inner join \\"CategPro\\" on \\"CadPro\\".\\"CdCategoria\\" = \\"CategPro\\".\\"CdCategoria\\" where \\"MestreNota\\".\\"CdFilial\\" = ? and \\"CadVen\\".\\"FgControle\\" = ? and \\"MestreNota\\".\\"FgEstatistica\\" = ? and \\"CadPro\\".\\"FgEstatistica\\" = ? and \\"ItemNota\\".\\"ImprimeComponentes\\" = ? and \\"ItemNota\\".\\"Sequencia\\" <> ? and \\"mestrenota\\".\\"cdcliente\\" <> ? and \\"MestreNota\\".\\"DtEmissao\\" between ? and ? and \\"MestreNota\\".\\"Tipo\\" in (?, ?)"`;

exports[`venda > diario 1`] = `"select \\"NmCategoria\\", \\"MestreNota\\".\\"DtEmissao\\", sum(itemNota.Quantidade * (case MestreNota.tipo when 'E' then ItemNota.VlLiquido * -1 else ItemNota.VlLiquido end)) as valor, sum(\\"ItemNota\\".\\"Quantidade\\") as \\"quantidade\\" from MestreNota, ItemNota, CadVen, NatOpe, CadPro, CadCli, CategPro, CidadesERF where \\"MestreNota\\".\\"FgEstatistica\\" = ? and \\"MestreNota\\".\\"CdFilial\\" = ? and \\"CadPro\\".\\"FgEstatistica\\" = ? and \\"CadVen\\".\\"FgControle\\" = ? and \\"ItemNota\\".\\"ImprimeComponentes\\" = ? and \\"ItemNota\\".\\"Sequencia\\" > ? and \\"MestreNota\\".\\"Tipo\\" <> ? and \\"mestrenota\\".\\"cdcliente\\" <> ? and \\"MestreNota\\".\\"DtEmissao\\" between ? and ? and ItemNota.CdFilial = MestreNota.CdFilial and ItemNota.Serie = MestreNota.Serie and ItemNota.Modelo = MestreNota.Modelo and ItemNota.NumNota = MestreNota.NumNota and CadPro.CdCategoria = CategPro.CdCategoria and NatOpe.Nop = MestreNota.Nop and CadVen.CdVendedor = MestreNota.CdVendedor and CadCli.CdCliente = MestreNota.CdCliente and CadPro.CdProduto = ItemNota.CdProduto and Cadcli.Cidade = cidadeserf.NmCidadeIBGE and \\"cidadeserf\\".\\"uf\\" in (?) group by \\"NmCategoria\\", \\"MestreNota\\".\\"DtEmissao\\" order by \\"NmCategoria\\" asc, \\"MestreNota\\".\\"DtEmissao\\" desc"`;
